[(Tea(name='Linden', price=9, type='Herbal'), 2, 0.18), (Coffee(name='Indonezia', price=1, acidity=5.05, roast_level='MEDIUM'), 1, 0.23)]
