[(Coffee(name='Indonezia', price=1, acidity=5.05, roast_level='MEDIUM'), 2, 0.37)]
