[(Coffee(name='Brasil', price=7, acidity=5.09, roast_level='MEDIUM'), 3, 0.1), (Coffee(name='Indonezia', price=1, acidity=5.05, roast_level='MEDIUM'), 1, 0.31)]
[(Tea(name='Wild Cherry', price=5, type='Black'), 2, 0.08), (Coffee(name='Indonezia', price=1, acidity=5.05, roast_level='MEDIUM'), 1, 0.36)]
[(Tea(name='Wild Cherry', price=5, type='Black'), 2, 0.2), (Coffee(name='Indonezia', price=1, acidity=5.05, roast_level='MEDIUM'), 3, 0.27)]
[(Coffee(name='Brasil', price=7, acidity=5.09, roast_level='MEDIUM'), 1, 0.33), (Tea(name='Wild Cherry', price=5, type='Black'), 3, 0.37), (Coffee(name='Indonezia', price=1, acidity=5.05, roast_level='MEDIUM'), 1, 0.3)]
[(Tea(name='Wild Cherry', price=5, type='Black'), 2, 0.14), (Coffee(name='Indonezia', price=1, acidity=5.05, roast_level='MEDIUM'), 2, 0.3), (Coffee(name='Brasil', price=7, acidity=5.09, roast_level='MEDIUM'), 1, 0.12)]
