[(Coffee(name='Brasil', price=7, acidity=5.09, roast_level='MEDIUM'), 2, 0.4), (Coffee(name='Indonezia', price=1, acidity=5.05, roast_level='MEDIUM'), 3, 0.39), (Coffee(name='Ethiopia', price=10, acidity=5.09, roast_level='MEDIUM'), 3, 0.37)]
[(Tea(name='Wild Cherry', price=4, type='Black'), 2, 0.25)]
[(Tea(name='Cactus fig', price=3, type='Green'), 2, 0.2), (Coffee(name='Brasil', price=7, acidity=5.09, roast_level='MEDIUM'), 3, 0.14), (Coffee(name='Ethiopia', price=10, acidity=5.09, roast_level='MEDIUM'), 3, 0.17)]
[(Coffee(name='Indonezia', price=1, acidity=5.05, roast_level='MEDIUM'), 3, 0.16), (Tea(name='Wild Cherry', price=4, type='Black'), 1, 0.12)]
[(Coffee(name='Ethiopia', price=10, acidity=5.09, roast_level='MEDIUM'), 3, 0.4), (Tea(name='Cactus fig', price=3, type='Green'), 3, 0.4)]
