[(Tea(name='Vietnam Oolong', price=10, type='Oolong'), 2, 0.26), (Tea(name='White Peach', price=5, type='White'), 1, 0.39)]
[(Coffee(name='Arabica', price=9, acidity=5.02, roast_level='MEDIUM'), 2, 0.14), (Coffee(name='Indonezia', price=1, acidity=5.05, roast_level='MEDIUM'), 2, 0.3), (Tea(name='Jasmine', price=6, type='Green'), 1, 0.12), (Tea(name='English Breakfast', price=2, type='Black'), 3, 0.13), (Tea(name='Vietnam Oolong', price=10, type='Oolong'), 1, 0.33), (Coffee(name='Robusta', price=3, acidity=5.0, roast_level='MEDIUM'), 2, 0.08), (Tea(name='White Peach', price=5, type='White'), 2, 0.36), (Coffee(name='Ethiopia', price=10, acidity=5.09, roast_level='MEDIUM'), 2, 0.09), (Coffee(name='Brasil', price=7, acidity=5.09, roast_level='MEDIUM'), 3, 0.15)]
[(Tea(name='Jasmine', price=6, type='Green'), 2, 0.16), (Coffee(name='Robusta', price=3, acidity=5.0, roast_level='MEDIUM'), 1, 0.15), (Coffee(name='Arabica', price=9, acidity=5.02, roast_level='MEDIUM'), 1, 0.34), (Tea(name='Pai Mu Tan', price=9, type='White'), 1, 0.26), (Coffee(name='Indonezia', price=1, acidity=5.05, roast_level='MEDIUM'), 3, 0.14), (Tea(name='English Breakfast', price=2, type='Black'), 1, 0.08)]
[(Coffee(name='Indonezia', price=1, acidity=5.05, roast_level='MEDIUM'), 3, 0.23), (Coffee(name='Brasil', price=7, acidity=5.09, roast_level='MEDIUM'), 3, 0.33), (Tea(name='White Peach', price=5, type='White'), 1, 0.36)]
[(Tea(name='Pai Mu Tan', price=9, type='White'), 2, 0.26), (Coffee(name='Arabica', price=9, acidity=5.02, roast_level='MEDIUM'), 2, 0.26), (Tea(name='English Breakfast', price=2, type='Black'), 2, 0.35), (Coffee(name='Robusta', price=3, acidity=5.0, roast_level='MEDIUM'), 1, 0.06), (Tea(name='Vietnam Oolong', price=10, type='Oolong'), 2, 0.09), (Coffee(name='Ethiopia', price=10, acidity=5.09, roast_level='MEDIUM'), 1, 0.18), (Coffee(name='Indonezia', price=1, acidity=5.05, roast_level='MEDIUM'), 1, 0.17)]
[(Coffee(name='Ethiopia', price=10, acidity=5.09, roast_level='MEDIUM'), 1, 0.34), (Coffee(name='Robusta', price=3, acidity=5.0, roast_level='MEDIUM'), 3, 0.37)]
[(Coffee(name='Indonezia', price=1, acidity=5.05, roast_level='MEDIUM'), 3, 0.12), (Coffee(name='Brasil', price=7, acidity=5.09, roast_level='MEDIUM'), 3, 0.09)]
[(Coffee(name='Indonezia', price=1, acidity=5.05, roast_level='MEDIUM'), 1, 0.39), (Tea(name='Pai Mu Tan', price=9, type='White'), 1, 0.3)]
[(Coffee(name='Indonezia', price=1, acidity=5.05, roast_level='MEDIUM'), 3, 0.2)]
[(Coffee(name='Brasil', price=7, acidity=5.09, roast_level='MEDIUM'), 2, 0.2), (Coffee(name='Robusta', price=3, acidity=5.0, roast_level='MEDIUM'), 1, 0.23), (Tea(name='Pai Mu Tan', price=9, type='White'), 1, 0.26), (Tea(name='Vietnam Oolong', price=10, type='Oolong'), 3, 0.4), (Coffee(name='Ethiopia', price=10, acidity=5.09, roast_level='MEDIUM'), 1, 0.14)]
[(Tea(name='Pai Mu Tan', price=9, type='White'), 3, 0.14), (Coffee(name='Ethiopia', price=10, acidity=5.09, roast_level='MEDIUM'), 3, 0.37), (Coffee(name='Robusta', price=3, acidity=5.0, roast_level='MEDIUM'), 3, 0.11), (Tea(name='White Peach', price=5, type='White'), 2, 0.29), (Coffee(name='Indonezia', price=1, acidity=5.05, roast_level='MEDIUM'), 3, 0.36), (Coffee(name='Brasil', price=7, acidity=5.09, roast_level='MEDIUM'), 2, 0.28), (Coffee(name='Arabica', price=9, acidity=5.02, roast_level='MEDIUM'), 2, 0.34), (Tea(name='English Breakfast', price=2, type='Black'), 2, 0.1)]
[(Coffee(name='Brasil', price=7, acidity=5.09, roast_level='MEDIUM'), 2, 0.26), (Tea(name='Vietnam Oolong', price=10, type='Oolong'), 3, 0.18), (Coffee(name='Indonezia', price=1, acidity=5.05, roast_level='MEDIUM'), 3, 0.35), (Coffee(name='Arabica', price=9, acidity=5.02, roast_level='MEDIUM'), 1, 0.3), (Coffee(name='Ethiopia', price=10, acidity=5.09, roast_level='MEDIUM'), 2, 0.31), (Tea(name='Pai Mu Tan', price=9, type='White'), 3, 0.08), (Tea(name='White Peach', price=5, type='White'), 3, 0.12), (Coffee(name='Robusta', price=3, acidity=5.0, roast_level='MEDIUM'), 2, 0.11)]
[(Tea(name='White Peach', price=5, type='White'), 3, 0.07), (Tea(name='Pai Mu Tan', price=9, type='White'), 2, 0.07), (Coffee(name='Indonezia', price=1, acidity=5.05, roast_level='MEDIUM'), 3, 0.11), (Coffee(name='Robusta', price=3, acidity=5.0, roast_level='MEDIUM'), 3, 0.36), (Tea(name='Vietnam Oolong', price=10, type='Oolong'), 3, 0.26), (Coffee(name='Arabica', price=9, acidity=5.02, roast_level='MEDIUM'), 1, 0.36), (Tea(name='Jasmine', price=6, type='Green'), 2, 0.16), (Coffee(name='Ethiopia', price=10, acidity=5.09, roast_level='MEDIUM'), 2, 0.07)]
[(Coffee(name='Robusta', price=3, acidity=5.0, roast_level='MEDIUM'), 2, 0.38), (Tea(name='Jasmine', price=6, type='Green'), 2, 0.16), (Coffee(name='Brasil', price=7, acidity=5.09, roast_level='MEDIUM'), 1, 0.06), (Tea(name='White Peach', price=5, type='White'), 1, 0.39), (Tea(name='Vietnam Oolong', price=10, type='Oolong'), 3, 0.23), (Tea(name='English Breakfast', price=2, type='Black'), 1, 0.12), (Coffee(name='Indonezia', price=1, acidity=5.05, roast_level='MEDIUM'), 3, 0.28)]
[(Coffee(name='Ethiopia', price=10, acidity=5.09, roast_level='MEDIUM'), 3, 0.08), (Coffee(name='Brasil', price=7, acidity=5.09, roast_level='MEDIUM'), 2, 0.37), (Tea(name='English Breakfast', price=2, type='Black'), 1, 0.35), (Tea(name='White Peach', price=5, type='White'), 1, 0.28), (Coffee(name='Robusta', price=3, acidity=5.0, roast_level='MEDIUM'), 3, 0.28)]
[(Coffee(name='Arabica', price=9, acidity=5.02, roast_level='MEDIUM'), 1, 0.12), (Coffee(name='Indonezia', price=1, acidity=5.05, roast_level='MEDIUM'), 2, 0.25), (Tea(name='Jasmine', price=6, type='Green'), 2, 0.38)]
[(Tea(name='Pai Mu Tan', price=9, type='White'), 3, 0.22)]
[(Tea(name='White Peach', price=5, type='White'), 1, 0.1), (Tea(name='Vietnam Oolong', price=10, type='Oolong'), 2, 0.17), (Coffee(name='Ethiopia', price=10, acidity=5.09, roast_level='MEDIUM'), 2, 0.3), (Coffee(name='Brasil', price=7, acidity=5.09, roast_level='MEDIUM'), 2, 0.32), (Coffee(name='Robusta', price=3, acidity=5.0, roast_level='MEDIUM'), 1, 0.06), (Coffee(name='Arabica', price=9, acidity=5.02, roast_level='MEDIUM'), 1, 0.1), (Tea(name='English Breakfast', price=2, type='Black'), 3, 0.15), (Coffee(name='Indonezia', price=1, acidity=5.05, roast_level='MEDIUM'), 2, 0.4)]
[(Tea(name='English Breakfast', price=2, type='Black'), 1, 0.16), (Coffee(name='Robusta', price=3, acidity=5.0, roast_level='MEDIUM'), 3, 0.31)]
[(Coffee(name='Arabica', price=9, acidity=5.02, roast_level='MEDIUM'), 2, 0.17), (Tea(name='White Peach', price=5, type='White'), 2, 0.09), (Coffee(name='Brasil', price=7, acidity=5.09, roast_level='MEDIUM'), 1, 0.29), (Coffee(name='Indonezia', price=1, acidity=5.05, roast_level='MEDIUM'), 2, 0.06), (Tea(name='Pai Mu Tan', price=9, type='White'), 2, 0.31), (Coffee(name='Robusta', price=3, acidity=5.0, roast_level='MEDIUM'), 1, 0.37)]
[(Coffee(name='Brasil', price=7, acidity=5.09, roast_level='MEDIUM'), 2, 0.05), (Tea(name='Pai Mu Tan', price=9, type='White'), 2, 0.24), (Tea(name='Jasmine', price=6, type='Green'), 2, 0.21), (Tea(name='English Breakfast', price=2, type='Black'), 2, 0.33), (Tea(name='Vietnam Oolong', price=10, type='Oolong'), 3, 0.29), (Tea(name='White Peach', price=5, type='White'), 2, 0.08), (Coffee(name='Indonezia', price=1, acidity=5.05, roast_level='MEDIUM'), 1, 0.4)]
[(Tea(name='White Peach', price=5, type='White'), 1, 0.07), (Coffee(name='Robusta', price=3, acidity=5.0, roast_level='MEDIUM'), 3, 0.06), (Tea(name='Vietnam Oolong', price=10, type='Oolong'), 3, 0.21)]
[(Tea(name='English Breakfast', price=2, type='Black'), 2, 0.12), (Tea(name='White Peach', price=5, type='White'), 1, 0.4)]
[(Coffee(name='Ethiopia', price=10, acidity=5.09, roast_level='MEDIUM'), 3, 0.19), (Coffee(name='Brasil', price=7, acidity=5.09, roast_level='MEDIUM'), 3, 0.2), (Coffee(name='Robusta', price=3, acidity=5.0, roast_level='MEDIUM'), 3, 0.22), (Tea(name='English Breakfast', price=2, type='Black'), 2, 0.34), (Tea(name='White Peach', price=5, type='White'), 2, 0.27), (Tea(name='Pai Mu Tan', price=9, type='White'), 1, 0.24), (Tea(name='Jasmine', price=6, type='Green'), 1, 0.05), (Coffee(name='Indonezia', price=1, acidity=5.05, roast_level='MEDIUM'), 3, 0.39), (Tea(name='Vietnam Oolong', price=10, type='Oolong'), 2, 0.34), (Coffee(name='Arabica', price=9, acidity=5.02, roast_level='MEDIUM'), 1, 0.23)]
[(Coffee(name='Ethiopia', price=10, acidity=5.09, roast_level='MEDIUM'), 1, 0.1), (Tea(name='White Peach', price=5, type='White'), 2, 0.06), (Coffee(name='Arabica', price=9, acidity=5.02, roast_level='MEDIUM'), 2, 0.17), (Tea(name='Vietnam Oolong', price=10, type='Oolong'), 1, 0.33), (Tea(name='Jasmine', price=6, type='Green'), 3, 0.21), (Coffee(name='Robusta', price=3, acidity=5.0, roast_level='MEDIUM'), 2, 0.23), (Coffee(name='Indonezia', price=1, acidity=5.05, roast_level='MEDIUM'), 3, 0.23), (Tea(name='English Breakfast', price=2, type='Black'), 3, 0.08), (Tea(name='Pai Mu Tan', price=9, type='White'), 3, 0.32), (Coffee(name='Brasil', price=7, acidity=5.09, roast_level='MEDIUM'), 1, 0.31)]
[(Coffee(name='Arabica', price=9, acidity=5.02, roast_level='MEDIUM'), 2, 0.35), (Tea(name='Jasmine', price=6, type='Green'), 2, 0.26), (Tea(name='White Peach', price=5, type='White'), 1, 0.35), (Tea(name='English Breakfast', price=2, type='Black'), 1, 0.28)]
[(Coffee(name='Arabica', price=9, acidity=5.02, roast_level='MEDIUM'), 2, 0.07), (Tea(name='Jasmine', price=6, type='Green'), 2, 0.38), (Tea(name='Pai Mu Tan', price=9, type='White'), 2, 0.32)]
[(Coffee(name='Indonezia', price=1, acidity=5.05, roast_level='MEDIUM'), 1, 0.22), (Coffee(name='Ethiopia', price=10, acidity=5.09, roast_level='MEDIUM'), 1, 0.22), (Tea(name='Jasmine', price=6, type='Green'), 3, 0.3), (Coffee(name='Brasil', price=7, acidity=5.09, roast_level='MEDIUM'), 3, 0.29), (Tea(name='English Breakfast', price=2, type='Black'), 2, 0.19), (Tea(name='Vietnam Oolong', price=10, type='Oolong'), 3, 0.21), (Tea(name='Pai Mu Tan', price=9, type='White'), 2, 0.07)]
[(Coffee(name='Indonezia', price=1, acidity=5.05, roast_level='MEDIUM'), 3, 0.16), (Tea(name='Pai Mu Tan', price=9, type='White'), 3, 0.24), (Coffee(name='Ethiopia', price=10, acidity=5.09, roast_level='MEDIUM'), 2, 0.12)]
[(Coffee(name='Brasil', price=7, acidity=5.09, roast_level='MEDIUM'), 3, 0.27), (Coffee(name='Indonezia', price=1, acidity=5.05, roast_level='MEDIUM'), 1, 0.39), (Tea(name='English Breakfast', price=2, type='Black'), 2, 0.33), (Coffee(name='Arabica', price=9, acidity=5.02, roast_level='MEDIUM'), 3, 0.36), (Tea(name='Vietnam Oolong', price=10, type='Oolong'), 3, 0.39), (Coffee(name='Ethiopia', price=10, acidity=5.09, roast_level='MEDIUM'), 1, 0.23), (Tea(name='Jasmine', price=6, type='Green'), 1, 0.06), (Tea(name='White Peach', price=5, type='White'), 2, 0.21)]
[(Tea(name='Vietnam Oolong', price=10, type='Oolong'), 3, 0.25), (Coffee(name='Brasil', price=7, acidity=5.09, roast_level='MEDIUM'), 1, 0.13), (Coffee(name='Indonezia', price=1, acidity=5.05, roast_level='MEDIUM'), 3, 0.32), (Tea(name='English Breakfast', price=2, type='Black'), 3, 0.23), (Coffee(name='Robusta', price=3, acidity=5.0, roast_level='MEDIUM'), 3, 0.16), (Coffee(name='Ethiopia', price=10, acidity=5.09, roast_level='MEDIUM'), 1, 0.1), (Tea(name='White Peach', price=5, type='White'), 3, 0.2), (Coffee(name='Arabica', price=9, acidity=5.02, roast_level='MEDIUM'), 1, 0.38)]
[(Tea(name='White Peach', price=5, type='White'), 3, 0.38), (Coffee(name='Ethiopia', price=10, acidity=5.09, roast_level='MEDIUM'), 2, 0.2)]
[(Tea(name='Vietnam Oolong', price=10, type='Oolong'), 1, 0.17), (Coffee(name='Arabica', price=9, acidity=5.02, roast_level='MEDIUM'), 1, 0.05), (Coffee(name='Brasil', price=7, acidity=5.09, roast_level='MEDIUM'), 1, 0.34), (Coffee(name='Ethiopia', price=10, acidity=5.09, roast_level='MEDIUM'), 1, 0.26), (Coffee(name='Indonezia', price=1, acidity=5.05, roast_level='MEDIUM'), 1, 0.12), (Tea(name='Pai Mu Tan', price=9, type='White'), 1, 0.28), (Tea(name='White Peach', price=5, type='White'), 3, 0.38), (Coffee(name='Robusta', price=3, acidity=5.0, roast_level='MEDIUM'), 1, 0.31)]
[(Tea(name='Pai Mu Tan', price=9, type='White'), 1, 0.35)]
[(Tea(name='English Breakfast', price=2, type='Black'), 3, 0.39), (Tea(name='Vietnam Oolong', price=10, type='Oolong'), 1, 0.06)]
[(Tea(name='English Breakfast', price=2, type='Black'), 1, 0.26), (Coffee(name='Arabica', price=9, acidity=5.02, roast_level='MEDIUM'), 1, 0.09), (Tea(name='Jasmine', price=6, type='Green'), 3, 0.16), (Tea(name='Pai Mu Tan', price=9, type='White'), 2, 0.36), (Tea(name='Vietnam Oolong', price=10, type='Oolong'), 1, 0.33), (Coffee(name='Ethiopia', price=10, acidity=5.09, roast_level='MEDIUM'), 2, 0.23)]
[(Coffee(name='Arabica', price=9, acidity=5.02, roast_level='MEDIUM'), 3, 0.07), (Tea(name='Vietnam Oolong', price=10, type='Oolong'), 1, 0.26), (Tea(name='White Peach', price=5, type='White'), 2, 0.08)]
[(Coffee(name='Arabica', price=9, acidity=5.02, roast_level='MEDIUM'), 2, 0.27), (Tea(name='Jasmine', price=6, type='Green'), 1, 0.14), (Tea(name='White Peach', price=5, type='White'), 3, 0.18), (Tea(name='Vietnam Oolong', price=10, type='Oolong'), 3, 0.07), (Coffee(name='Brasil', price=7, acidity=5.09, roast_level='MEDIUM'), 2, 0.05), (Tea(name='Pai Mu Tan', price=9, type='White'), 3, 0.37), (Coffee(name='Robusta', price=3, acidity=5.0, roast_level='MEDIUM'), 2, 0.12)]
[(Coffee(name='Brasil', price=7, acidity=5.09, roast_level='MEDIUM'), 2, 0.37), (Coffee(name='Ethiopia', price=10, acidity=5.09, roast_level='MEDIUM'), 1, 0.32), (Tea(name='Pai Mu Tan', price=9, type='White'), 2, 0.11), (Tea(name='Jasmine', price=6, type='Green'), 2, 0.17), (Coffee(name='Indonezia', price=1, acidity=5.05, roast_level='MEDIUM'), 3, 0.1), (Coffee(name='Arabica', price=9, acidity=5.02, roast_level='MEDIUM'), 2, 0.27), (Tea(name='English Breakfast', price=2, type='Black'), 1, 0.22), (Tea(name='White Peach', price=5, type='White'), 1, 0.15)]
[(Tea(name='Pai Mu Tan', price=9, type='White'), 3, 0.1), (Tea(name='English Breakfast', price=2, type='Black'), 3, 0.31), (Coffee(name='Indonezia', price=1, acidity=5.05, roast_level='MEDIUM'), 1, 0.29), (Coffee(name='Brasil', price=7, acidity=5.09, roast_level='MEDIUM'), 1, 0.24), (Coffee(name='Ethiopia', price=10, acidity=5.09, roast_level='MEDIUM'), 2, 0.15), (Tea(name='Jasmine', price=6, type='Green'), 1, 0.09), (Tea(name='Vietnam Oolong', price=10, type='Oolong'), 3, 0.06), (Coffee(name='Robusta', price=3, acidity=5.0, roast_level='MEDIUM'), 2, 0.19)]
[(Tea(name='English Breakfast', price=2, type='Black'), 1, 0.07), (Coffee(name='Brasil', price=7, acidity=5.09, roast_level='MEDIUM'), 2, 0.16), (Coffee(name='Arabica', price=9, acidity=5.02, roast_level='MEDIUM'), 2, 0.09), (Coffee(name='Ethiopia', price=10, acidity=5.09, roast_level='MEDIUM'), 1, 0.36), (Tea(name='White Peach', price=5, type='White'), 1, 0.07), (Tea(name='Jasmine', price=6, type='Green'), 2, 0.15), (Coffee(name='Indonezia', price=1, acidity=5.05, roast_level='MEDIUM'), 1, 0.25)]
[(Coffee(name='Brasil', price=7, acidity=5.09, roast_level='MEDIUM'), 1, 0.09), (Tea(name='White Peach', price=5, type='White'), 1, 0.18), (Tea(name='Jasmine', price=6, type='Green'), 3, 0.21), (Tea(name='Vietnam Oolong', price=10, type='Oolong'), 3, 0.28), (Coffee(name='Ethiopia', price=10, acidity=5.09, roast_level='MEDIUM'), 2, 0.27), (Tea(name='English Breakfast', price=2, type='Black'), 3, 0.2), (Coffee(name='Robusta', price=3, acidity=5.0, roast_level='MEDIUM'), 2, 0.22), (Tea(name='Pai Mu Tan', price=9, type='White'), 3, 0.16), (Coffee(name='Indonezia', price=1, acidity=5.05, roast_level='MEDIUM'), 3, 0.39)]
[(Tea(name='English Breakfast', price=2, type='Black'), 1, 0.17), (Coffee(name='Indonezia', price=1, acidity=5.05, roast_level='MEDIUM'), 2, 0.36), (Coffee(name='Robusta', price=3, acidity=5.0, roast_level='MEDIUM'), 1, 0.35)]
[(Tea(name='White Peach', price=5, type='White'), 2, 0.06), (Coffee(name='Indonezia', price=1, acidity=5.05, roast_level='MEDIUM'), 3, 0.05)]
[(Coffee(name='Robusta', price=3, acidity=5.0, roast_level='MEDIUM'), 2, 0.21), (Coffee(name='Ethiopia', price=10, acidity=5.09, roast_level='MEDIUM'), 2, 0.18), (Coffee(name='Arabica', price=9, acidity=5.02, roast_level='MEDIUM'), 2, 0.2), (Coffee(name='Brasil', price=7, acidity=5.09, roast_level='MEDIUM'), 3, 0.2), (Coffee(name='Indonezia', price=1, acidity=5.05, roast_level='MEDIUM'), 2, 0.38)]
[(Coffee(name='Ethiopia', price=10, acidity=5.09, roast_level='MEDIUM'), 2, 0.33), (Coffee(name='Robusta', price=3, acidity=5.0, roast_level='MEDIUM'), 2, 0.31), (Tea(name='Pai Mu Tan', price=9, type='White'), 1, 0.2), (Tea(name='Jasmine', price=6, type='Green'), 1, 0.26), (Tea(name='English Breakfast', price=2, type='Black'), 1, 0.37), (Tea(name='White Peach', price=5, type='White'), 1, 0.13)]
[(Tea(name='Vietnam Oolong', price=10, type='Oolong'), 1, 0.26), (Coffee(name='Indonezia', price=1, acidity=5.05, roast_level='MEDIUM'), 3, 0.08), (Coffee(name='Ethiopia', price=10, acidity=5.09, roast_level='MEDIUM'), 3, 0.31)]
[(Tea(name='White Peach', price=5, type='White'), 3, 0.38), (Tea(name='English Breakfast', price=2, type='Black'), 3, 0.38), (Coffee(name='Indonezia', price=1, acidity=5.05, roast_level='MEDIUM'), 2, 0.25), (Tea(name='Vietnam Oolong', price=10, type='Oolong'), 2, 0.14), (Tea(name='Pai Mu Tan', price=9, type='White'), 2, 0.13), (Coffee(name='Arabica', price=9, acidity=5.02, roast_level='MEDIUM'), 2, 0.06)]
[(Coffee(name='Indonezia', price=1, acidity=5.05, roast_level='MEDIUM'), 3, 0.13), (Coffee(name='Arabica', price=9, acidity=5.02, roast_level='MEDIUM'), 3, 0.19), (Tea(name='Pai Mu Tan', price=9, type='White'), 1, 0.21), (Coffee(name='Brasil', price=7, acidity=5.09, roast_level='MEDIUM'), 2, 0.26), (Tea(name='English Breakfast', price=2, type='Black'), 3, 0.36), (Coffee(name='Robusta', price=3, acidity=5.0, roast_level='MEDIUM'), 2, 0.16)]
[(Coffee(name='Arabica', price=9, acidity=5.02, roast_level='MEDIUM'), 1, 0.35), (Coffee(name='Indonezia', price=1, acidity=5.05, roast_level='MEDIUM'), 2, 0.12), (Tea(name='Jasmine', price=6, type='Green'), 1, 0.14), (Coffee(name='Brasil', price=7, acidity=5.09, roast_level='MEDIUM'), 3, 0.31), (Coffee(name='Ethiopia', price=10, acidity=5.09, roast_level='MEDIUM'), 2, 0.23), (Tea(name='English Breakfast', price=2, type='Black'), 2, 0.14)]
